// Jest Snapshot v1, https://goo.gl/fbAQLP

exports[`renders correctly 1`] = `
<View
  style={
    Object {
      "alignItems": "center",
      "backgroundColor": "#FFFFFF",
      "flex": 1,
      "justifyContent": "center",
    }
  }
>
  <Image
    source={1}
    style={
      Object {
        "margin": "auto",
      }
    }
  />
  <View
    accessible={true}
    isTVSelectable={true}
    onResponderGrant={[Function]}
    onResponderMove={[Function]}
    onResponderRelease={[Function]}
    onResponderTerminate={[Function]}
    onResponderTerminationRequest={[Function]}
    onStartShouldSetResponder={[Function]}
    style={
      Object {
        "backgroundColor": "#65CE88",
        "borderRadius": 4,
        "margin": 16,
        "opacity": 1,
      }
    }
  >
    <Text
      style={
        Object {
          "color": "#FFFFFF",
          "fontSize": 20,
          "fontWeight": "bold",
          "paddingBottom": 16,
          "paddingEnd": 32,
          "paddingStart": 32,
          "paddingTop": 16,
          "textTransform": "uppercase",
        }
      }
    >
      Log In
    </Text>
  </View>
  <View
    accessible={true}
    isTVSelectable={true}
    onResponderGrant={[Function]}
    onResponderMove={[Function]}
    onResponderRelease={[Function]}
    onResponderTerminate={[Function]}
    onResponderTerminationRequest={[Function]}
    onStartShouldSetResponder={[Function]}
    style={
      Object {
        "backgroundColor": "#65CE88",
        "borderRadius": 4,
        "margin": 16,
        "opacity": 1,
      }
    }
  >
    <Text
      style={
        Object {
          "color": "#FFFFFF",
          "fontSize": 20,
          "fontWeight": "bold",
          "paddingBottom": 16,
          "paddingEnd": 32,
          "paddingStart": 32,
          "paddingTop": 16,
          "textTransform": "uppercase",
        }
      }
    >
      Sign Up
    </Text>
  </View>
</View>
`;
